// Jest Snapshot v1, https://goo.gl/fbAQLP

exports[`ListEntertainment Wrapper must match snapshot  1`] = `
<ContextProvider
  value={
    Object {
      "changeOrder": [Function],
      "changeType": [Function],
    }
  }
>
  <ContextConsumer>
    <Component />
  </ContextConsumer>
</ContextProvider>
`;
